
> the-living-grimoire@1.0.0 build
> vite build

vite v8.2.2 building client environment for production...
transforming...
✓ 103 modules transformed.
rendering chunks...
computing gzip size...
dist/index.html                                   1.90 kB │ gzip:   0.89 kB
dist/companion-studio.html                        4.50 kB │ gzip:   1.90 kB
dist/quality-review.html                          4.76 kB │ gzip:   2.15 kB
dist/asset-studio.html                            5.92 kB │ gzip:   2.43 kB
dist/exhibit-studio.html                          6.01 kB │ gzip:   2.59 kB
dist/assets/main-DbAJ3_-f.css                   104.61 kB │ gzip:  22.09 kB
dist/assets/game-CknFGeoR.js                      0.05 kB │ gzip:   0.07 kB
dist/assets/gltf-resource-nKZQj1VR.js             0.09 kB │ gzip:   0.10 kB
dist/assets/modulepreload-polyfill-P2Xu9kJm.js    0.67 kB │ gzip:   0.38 kB
dist/assets/navigation-DBGMnMBG.js                4.03 kB │ gzip:   2.21 kB
dist/assets/preload-helper-Ch8IRrsm.js            4.34 kB │ gzip:   2.40 kB
dist/assets/exhibit-Cv6i59r6.js                   7.35 kB │ gzip:   3.54 kB
dist/assets/architecture-CwJ88syF.js             16.06 kB │ gzip:   5.89 kB
dist/assets/review-BwJufvea.js                   16.15 kB │ gzip:   6.75 kB
dist/assets/companions-BYW1yflP.js               16.80 kB │ gzip:   7.16 kB
dist/assets/studio-CjVyoqI6.js                   19.52 kB │ gzip:   8.46 kB
dist/assets/OrbitControls-8P8WPPMp.js            19.65 kB │ gzip:   4.39 kB
dist/assets/exhibits-DHV5SSfG.js                 23.00 kB │ gzip:   9.67 kB
dist/assets/resource-loader-CQkl9OCW.js          24.01 kB │ gzip:   6.64 kB
dist/assets/exhibition-state-BiM4uiiG.js         38.66 kB │ gzip:  15.89 kB
dist/assets/gltf-resource-C6aQWeMQ.js            70.87 kB │ gzip:  20.65 kB
dist/assets/main-Bx06izV0.js                     97.34 kB │ gzip:  31.87 kB
dist/assets/game-B5kdcOH6.js                    118.78 kB │ gzip:  36.87 kB
dist/assets/BufferGeometryUtils-Cz8PP_BS.js     285.99 kB │ gzip:  78.01 kB
dist/assets/world-CbX7yP_F.js                   328.35 kB │ gzip: 135.35 kB
dist/assets/three.module-CpdrPxMG.js            343.82 kB │ gzip:  83.44 kB

✓ built in 1.78s
