THREE.GLTFExporter: Merged metalnessMap and roughnessMap textures.
THREE.GLTFExporter: Merged metalnessMap and roughnessMap textures.
THREE.GLTFExporter: Merged metalnessMap and roughnessMap textures.
arcade: 34390 triangles; 41426420 bytes; SHA256 54d3a2a49dbb86778b0e9923ddbd2231aea6fb7a019ba72bd0aa8b6aefe629dd
THREE.GLTFExporter: Merged metalnessMap and roughnessMap textures.
THREE.GLTFExporter: Merged metalnessMap and roughnessMap textures.
THREE.GLTFExporter: Merged metalnessMap and roughnessMap textures.
THREE.GLTFExporter: Merged metalnessMap and roughnessMap textures.
THREE.GLTFExporter: Merged metalnessMap and roughnessMap textures.
conservatory: 2598090 triangles; 363376896 bytes; SHA256 1db60601b4e5a1b15aef9112357c19085ae65b269048fec10b8bebd7b36fb32a
THREE.GLTFExporter: Merged metalnessMap and roughnessMap textures.
THREE.GLTFExporter: Merged metalnessMap and roughnessMap textures.
THREE.GLTFExporter: Merged metalnessMap and roughnessMap textures.
THREE.GLTFExporter: Merged metalnessMap and roughnessMap textures.
THREE.GLTFExporter: Merged metalnessMap and roughnessMap textures.
THREE.GLTFExporter: Merged metalnessMap and roughnessMap textures.
water-garden: 560128 triangles; 161524152 bytes; SHA256 86b8b57269b77ba86920af3a8b0b5797c194754f13eb8f51e54cb71a8ed5b057
THREE.GLTFExporter: Merged metalnessMap and roughnessMap textures.
THREE.GLTFExporter: Merged metalnessMap and roughnessMap textures.
flower-border: 388036 triangles; 119740292 bytes; SHA256 96abc3ee1bfbfdbfcbc36191bef9723bc7be9a40c1c33e429635b1c30eccab20
Info: Saved as "arcade.blend"
EDITABLE_SAVED arcade 6
Info: Saved as "conservatory.blend"
EDITABLE_SAVED conservatory 13
Info: Saved as "water-garden.blend"
EDITABLE_SAVED water-garden 20
Info: Saved as "flower-border.blend"
EDITABLE_SAVED flower-border 5
