THREE.GLTFExporter: Merged metalnessMap and roughnessMap textures.
THREE.GLTFExporter: Merged metalnessMap and roughnessMap textures.
THREE.GLTFExporter: Merged metalnessMap and roughnessMap textures.
arcade: 34390 triangles; 40163312 bytes; SHA256 f6117d47a1cedcf5c8396d815c7b5f004efc88033303352a0ab16588312a680a
THREE.GLTFExporter: Merged metalnessMap and roughnessMap textures.
THREE.GLTFExporter: Merged metalnessMap and roughnessMap textures.
THREE.GLTFExporter: Merged metalnessMap and roughnessMap textures.
THREE.GLTFExporter: Merged metalnessMap and roughnessMap textures.
THREE.GLTFExporter: Merged metalnessMap and roughnessMap textures.
conservatory: 2598090 triangles; 161187172 bytes; SHA256 dd1d9dbd4cd344002f1ff10d370ac7d22bcdccbd85bc0924eb1097376529a544
THREE.GLTFExporter: Merged metalnessMap and roughnessMap textures.
THREE.GLTFExporter: Merged metalnessMap and roughnessMap textures.
THREE.GLTFExporter: Merged metalnessMap and roughnessMap textures.
THREE.GLTFExporter: Merged metalnessMap and roughnessMap textures.
THREE.GLTFExporter: Merged metalnessMap and roughnessMap textures.
THREE.GLTFExporter: Merged metalnessMap and roughnessMap textures.
water-garden: 560128 triangles; 104892248 bytes; SHA256 a66bed12d9e0affcae1f0acf7c023a1082f38e87b3e39947c997e5575edb706b
THREE.GLTFExporter: Merged metalnessMap and roughnessMap textures.
THREE.GLTFExporter: Merged metalnessMap and roughnessMap textures.
flower-border: 388036 triangles; 68739900 bytes; SHA256 b1a986d2f76b21d053214c20f15c1b1b6728b351c685ca5395d0aab442627258
Info: Saved as "arcade.blend"
EDITABLE_SAVED arcade 6
Info: Saved as "conservatory.blend"
EDITABLE_SAVED conservatory 13
Info: Saved as "water-garden.blend"
EDITABLE_SAVED water-garden 20
Info: Saved as "flower-border.blend"
EDITABLE_SAVED flower-border 5
