THREE.GLTFExporter: Merged metalnessMap and roughnessMap textures.
THREE.GLTFExporter: Merged metalnessMap and roughnessMap textures.
THREE.GLTFExporter: Merged metalnessMap and roughnessMap textures.
arcade: 34390 triangles; 23848924 bytes; SHA256 7f63cd5bdaec58682c3f67c33f81c8773d63dedd0dff5260401d04d028416967
THREE.GLTFExporter: Merged metalnessMap and roughnessMap textures.
THREE.GLTFExporter: Merged metalnessMap and roughnessMap textures.
THREE.GLTFExporter: Merged metalnessMap and roughnessMap textures.
THREE.GLTFExporter: Merged metalnessMap and roughnessMap textures.
THREE.GLTFExporter: Merged metalnessMap and roughnessMap textures.
conservatory: 2598090 triangles; 118878104 bytes; SHA256 8e4ce81d2b2927bbb83bc13a4e9a8f78759826e7f776eee558755fcf829c4a36
THREE.GLTFExporter: Merged metalnessMap and roughnessMap textures.
THREE.GLTFExporter: Merged metalnessMap and roughnessMap textures.
THREE.GLTFExporter: Merged metalnessMap and roughnessMap textures.
THREE.GLTFExporter: Merged metalnessMap and roughnessMap textures.
THREE.GLTFExporter: Merged metalnessMap and roughnessMap textures.
THREE.GLTFExporter: Creating normalized normal attribute from the non-normalized one.
THREE.GLTFExporter: Creating normalized normal attribute from the non-normalized one.
THREE.GLTFExporter: Merged metalnessMap and roughnessMap textures.
water-garden: 833808 triangles; 72342972 bytes; SHA256 2e8a69a0063b5196b9c06dcc7482f51d18e33c606863321781b97eabbc546132
THREE.GLTFExporter: Merged metalnessMap and roughnessMap textures.
THREE.GLTFExporter: Merged metalnessMap and roughnessMap textures.
flower-border: 388036 triangles; 46619052 bytes; SHA256 14d323c0f90c09b91d9185a65d161c3059b33fa54611663588a7afa527fa85bf
Info: Saved as "arcade.blend"
EDITABLE_SAVED arcade 6
Info: Saved as "conservatory.blend"
EDITABLE_SAVED conservatory 13
Info: Saved as "water-garden.blend"
EDITABLE_SAVED water-garden 18
Info: Saved as "flower-border.blend"
EDITABLE_SAVED flower-border 5
